2025-07-24 11:19:56,742 [Worker-5: Loading available Gradle versions] INFO  o.e.b.c.i.u.g.PublishedGradleVersions - Gradle version information cache is up-to-date. Trying to read.
2025-07-29 14:20:29,348 [Worker-9: Loading available Gradle versions] INFO  o.e.b.c.i.u.g.PublishedGradleVersions - Gradle version information cache is up-to-date. Trying to read.
2025-07-31 14:20:55,593 [Worker-1: Loading available Gradle versions] INFO  o.e.b.c.i.u.g.PublishedGradleVersions - Gradle version information cache is out-of-date. Trying to update.
2025-08-02 14:22:36,722 [Worker-4: Loading available Gradle versions] INFO  o.e.b.c.i.u.g.PublishedGradleVersions - Gradle version information cache is up-to-date. Trying to read.
2025-08-05 14:10:02,402 [Worker-2: Loading available Gradle versions] INFO  o.e.b.c.i.u.g.PublishedGradleVersions - Gradle version information cache is up-to-date. Trying to read.
2025-08-05 16:19:19,233 [Worker-2: Loading available Gradle versions] INFO  o.e.b.c.i.u.g.PublishedGradleVersions - Gradle version information cache is up-to-date. Trying to read.
2025-08-07 14:10:50,877 [Worker-11: Loading available Gradle versions] INFO  o.e.b.c.i.u.g.PublishedGradleVersions - Gradle version information cache is up-to-date. Trying to read.
2025-08-12 14:17:49,040 [Worker-0: Loading available Gradle versions] INFO  o.e.b.c.i.u.g.PublishedGradleVersions - Gradle version information cache is up-to-date. Trying to read.
2025-08-16 14:26:44,040 [Worker-1: Loading available Gradle versions] INFO  o.e.b.c.i.u.g.PublishedGradleVersions - Gradle version information cache is out-of-date. Trying to update.
2025-08-19 14:14:42,315 [Worker-2: Loading available Gradle versions] INFO  o.e.b.c.i.u.g.PublishedGradleVersions - Gradle version information cache is up-to-date. Trying to read.
2025-08-26 14:43:37,708 [Worker-4: Loading available Gradle versions] INFO  o.e.b.c.i.u.g.PublishedGradleVersions - Gradle version information cache is up-to-date. Trying to read.
2025-08-28 14:43:18,463 [Worker-2: Loading available Gradle versions] INFO  o.e.b.c.i.u.g.PublishedGradleVersions - Gradle version information cache is up-to-date. Trying to read.
2025-09-02 14:48:40,210 [Worker-2: Loading available Gradle versions] INFO  o.e.b.c.i.u.g.PublishedGradleVersions - Gradle version information cache is out-of-date. Trying to update.
2025-09-04 14:36:50,587 [Worker-5: Loading available Gradle versions] INFO  o.e.b.c.i.u.g.PublishedGradleVersions - Gradle version information cache is up-to-date. Trying to read.
2025-09-06 14:28:53,971 [Worker-1: Loading available Gradle versions] INFO  o.e.b.c.i.u.g.PublishedGradleVersions - Gradle version information cache is up-to-date. Trying to read.
2025-09-09 14:22:48,868 [Worker-9: Loading available Gradle versions] INFO  o.e.b.c.i.u.g.PublishedGradleVersions - Gradle version information cache is up-to-date. Trying to read.
2025-09-11 14:27:27,048 [Worker-4: Loading available Gradle versions] INFO  o.e.b.c.i.u.g.PublishedGradleVersions - Gradle version information cache is up-to-date. Trying to read.
2025-09-13 14:17:51,219 [Worker-2: Loading available Gradle versions] INFO  o.e.b.c.i.u.g.PublishedGradleVersions - Gradle version information cache is out-of-date. Trying to update.
2025-09-16 14:23:30,352 [Worker-3: Loading available Gradle versions] INFO  o.e.b.c.i.u.g.PublishedGradleVersions - Gradle version information cache is up-to-date. Trying to read.
2025-09-18 14:17:10,894 [Worker-5: Loading available Gradle versions] INFO  o.e.b.c.i.u.g.PublishedGradleVersions - Gradle version information cache is out-of-date. Trying to update.
2025-09-20 14:37:37,721 [Worker-5: Loading available Gradle versions] INFO  o.e.b.c.i.u.g.PublishedGradleVersions - Gradle version information cache is up-to-date. Trying to read.
2025-09-20 15:24:50,923 [Worker-2: Loading available Gradle versions] INFO  o.e.b.c.i.u.g.PublishedGradleVersions - Gradle version information cache is out-of-date. Trying to update.
2025-09-23 14:20:26,661 [Worker-9: Loading available Gradle versions] INFO  o.e.b.c.i.u.g.PublishedGradleVersions - Gradle version information cache is out-of-date. Trying to update.
2025-09-25 14:27:44,811 [Worker-4: Loading available Gradle versions] INFO  o.e.b.c.i.u.g.PublishedGradleVersions - Gradle version information cache is up-to-date. Trying to read.
2025-09-27 14:37:23,847 [Worker-4: Loading available Gradle versions] INFO  o.e.b.c.i.u.g.PublishedGradleVersions - Gradle version information cache is out-of-date. Trying to update.
2025-10-04 14:24:06,428 [Worker-15: Loading available Gradle versions] INFO  o.e.b.c.i.u.g.PublishedGradleVersions - Gradle version information cache is out-of-date. Trying to update.
2025-10-07 12:22:18,336 [Worker-2: Loading available Gradle versions] INFO  o.e.b.c.i.u.g.PublishedGradleVersions - Gradle version information cache is up-to-date. Trying to read.
2025-10-07 12:24:49,900 [Worker-0: Loading available Gradle versions] INFO  o.e.b.c.i.u.g.PublishedGradleVersions - Gradle version information cache is up-to-date. Trying to read.
2025-10-07 14:18:04,222 [Worker-4: Loading available Gradle versions] INFO  o.e.b.c.i.u.g.PublishedGradleVersions - Gradle version information cache is up-to-date. Trying to read.
2025-10-14 14:17:12,246 [Worker-6: Loading available Gradle versions] INFO  o.e.b.c.i.u.g.PublishedGradleVersions - Gradle version information cache is up-to-date. Trying to read.
2025-10-28 14:20:00,041 [Worker-4: Loading available Gradle versions] INFO  o.e.b.c.i.u.g.PublishedGradleVersions - Gradle version information cache is up-to-date. Trying to read.
2025-10-28 14:50:13,611 [Worker-36: Launching mavenrun-77c2fdfd-7199-416d-a419-f4b4ade4e03f] INFO  o.eclipse.m2e.core.internal.Bundles - getClasspathEntries(Bundle=org.eclipse.m2e.maven.runtime_3.9.700.20240602-2313 [642])
2025-10-28 14:50:13,613 [Worker-36: Launching mavenrun-77c2fdfd-7199-416d-a419-f4b4ade4e03f] INFO  o.eclipse.m2e.core.internal.Bundles - 	Entry: C:\Users\Admin\.p2\pool\plugins\org.eclipse.m2e.maven.runtime_3.9.700.20240602-2313
2025-10-28 14:50:13,613 [Worker-36: Launching mavenrun-77c2fdfd-7199-416d-a419-f4b4ade4e03f] INFO  o.eclipse.m2e.core.internal.Bundles - 	Entry: C:\Users\Admin\.p2\pool\plugins\org.eclipse.m2e.maven.runtime_3.9.700.20240602-2313\jars\aopalliance-1.0.jar
2025-10-28 14:50:13,613 [Worker-36: Launching mavenrun-77c2fdfd-7199-416d-a419-f4b4ade4e03f] INFO  o.eclipse.m2e.core.internal.Bundles - 	Entry: C:\Users\Admin\.p2\pool\plugins\org.eclipse.m2e.maven.runtime_3.9.700.20240602-2313\jars\guice-5.1.0.jar
2025-10-28 14:50:13,613 [Worker-36: Launching mavenrun-77c2fdfd-7199-416d-a419-f4b4ade4e03f] INFO  o.eclipse.m2e.core.internal.Bundles - 	Entry: C:\Users\Admin\.p2\pool\plugins\org.eclipse.m2e.maven.runtime_3.9.700.20240602-2313\jars\httpclient-4.5.14.jar
2025-10-28 14:50:13,613 [Worker-36: Launching mavenrun-77c2fdfd-7199-416d-a419-f4b4ade4e03f] INFO  o.eclipse.m2e.core.internal.Bundles - 	Entry: C:\Users\Admin\.p2\pool\plugins\org.eclipse.m2e.maven.runtime_3.9.700.20240602-2313\jars\httpcore-4.4.16.jar
2025-10-28 14:50:13,613 [Worker-36: Launching mavenrun-77c2fdfd-7199-416d-a419-f4b4ade4e03f] INFO  o.eclipse.m2e.core.internal.Bundles - 	Entry: C:\Users\Admin\.p2\pool\plugins\org.eclipse.m2e.maven.runtime_3.9.700.20240602-2313\jars\jansi-2.4.1.jar
2025-10-28 14:50:13,613 [Worker-36: Launching mavenrun-77c2fdfd-7199-416d-a419-f4b4ade4e03f] INFO  o.eclipse.m2e.core.internal.Bundles - 	Entry: C:\Users\Admin\.p2\pool\plugins\org.eclipse.m2e.maven.runtime_3.9.700.20240602-2313\jars\jcl-over-slf4j-1.7.36.jar
2025-10-28 14:50:13,613 [Worker-36: Launching mavenrun-77c2fdfd-7199-416d-a419-f4b4ade4e03f] INFO  o.eclipse.m2e.core.internal.Bundles - 	Entry: C:\Users\Admin\.p2\pool\plugins\org.eclipse.m2e.maven.runtime_3.9.700.20240602-2313\jars\maven-artifact-3.9.7.jar
2025-10-28 14:50:13,614 [Worker-36: Launching mavenrun-77c2fdfd-7199-416d-a419-f4b4ade4e03f] INFO  o.eclipse.m2e.core.internal.Bundles - 	Entry: C:\Users\Admin\.p2\pool\plugins\org.eclipse.m2e.maven.runtime_3.9.700.20240602-2313\jars\maven-builder-support-3.9.7.jar
2025-10-28 14:50:13,614 [Worker-36: Launching mavenrun-77c2fdfd-7199-416d-a419-f4b4ade4e03f] INFO  o.eclipse.m2e.core.internal.Bundles - 	Entry: C:\Users\Admin\.p2\pool\plugins\org.eclipse.m2e.maven.runtime_3.9.700.20240602-2313\jars\maven-compat-3.9.7.jar
2025-10-28 14:50:13,614 [Worker-36: Launching mavenrun-77c2fdfd-7199-416d-a419-f4b4ade4e03f] INFO  o.eclipse.m2e.core.internal.Bundles - 	Entry: C:\Users\Admin\.p2\pool\plugins\org.eclipse.m2e.maven.runtime_3.9.700.20240602-2313\jars\maven-core-3.9.7.jar
2025-10-28 14:50:13,614 [Worker-36: Launching mavenrun-77c2fdfd-7199-416d-a419-f4b4ade4e03f] INFO  o.eclipse.m2e.core.internal.Bundles - 	Entry: C:\Users\Admin\.p2\pool\plugins\org.eclipse.m2e.maven.runtime_3.9.700.20240602-2313\jars\maven-embedder-3.9.7.jar
2025-10-28 14:50:13,614 [Worker-36: Launching mavenrun-77c2fdfd-7199-416d-a419-f4b4ade4e03f] INFO  o.eclipse.m2e.core.internal.Bundles - 	Entry: C:\Users\Admin\.p2\pool\plugins\org.eclipse.m2e.maven.runtime_3.9.700.20240602-2313\jars\maven-model-3.9.7.jar
2025-10-28 14:50:13,614 [Worker-36: Launching mavenrun-77c2fdfd-7199-416d-a419-f4b4ade4e03f] INFO  o.eclipse.m2e.core.internal.Bundles - 	Entry: C:\Users\Admin\.p2\pool\plugins\org.eclipse.m2e.maven.runtime_3.9.700.20240602-2313\jars\maven-model-builder-3.9.7.jar
2025-10-28 14:50:13,614 [Worker-36: Launching mavenrun-77c2fdfd-7199-416d-a419-f4b4ade4e03f] INFO  o.eclipse.m2e.core.internal.Bundles - 	Entry: C:\Users\Admin\.p2\pool\plugins\org.eclipse.m2e.maven.runtime_3.9.700.20240602-2313\jars\maven-plugin-api-3.9.7.jar
2025-10-28 14:50:13,614 [Worker-36: Launching mavenrun-77c2fdfd-7199-416d-a419-f4b4ade4e03f] INFO  o.eclipse.m2e.core.internal.Bundles - 	Entry: C:\Users\Admin\.p2\pool\plugins\org.eclipse.m2e.maven.runtime_3.9.700.20240602-2313\jars\maven-repository-metadata-3.9.7.jar
2025-10-28 14:50:13,614 [Worker-36: Launching mavenrun-77c2fdfd-7199-416d-a419-f4b4ade4e03f] INFO  o.eclipse.m2e.core.internal.Bundles - 	Entry: C:\Users\Admin\.p2\pool\plugins\org.eclipse.m2e.maven.runtime_3.9.700.20240602-2313\jars\maven-resolver-api-1.9.20.jar
2025-10-28 14:50:13,615 [Worker-36: Launching mavenrun-77c2fdfd-7199-416d-a419-f4b4ade4e03f] INFO  o.eclipse.m2e.core.internal.Bundles - 	Entry: C:\Users\Admin\.p2\pool\plugins\org.eclipse.m2e.maven.runtime_3.9.700.20240602-2313\jars\maven-resolver-connector-basic-1.9.20.jar
2025-10-28 14:50:13,615 [Worker-36: Launching mavenrun-77c2fdfd-7199-416d-a419-f4b4ade4e03f] INFO  o.eclipse.m2e.core.internal.Bundles - 	Entry: C:\Users\Admin\.p2\pool\plugins\org.eclipse.m2e.maven.runtime_3.9.700.20240602-2313\jars\maven-resolver-impl-1.9.20.jar
2025-10-28 14:50:13,615 [Worker-36: Launching mavenrun-77c2fdfd-7199-416d-a419-f4b4ade4e03f] INFO  o.eclipse.m2e.core.internal.Bundles - 	Entry: C:\Users\Admin\.p2\pool\plugins\org.eclipse.m2e.maven.runtime_3.9.700.20240602-2313\jars\maven-resolver-named-locks-1.9.20.jar
2025-10-28 14:50:13,615 [Worker-36: Launching mavenrun-77c2fdfd-7199-416d-a419-f4b4ade4e03f] INFO  o.eclipse.m2e.core.internal.Bundles - 	Entry: C:\Users\Admin\.p2\pool\plugins\org.eclipse.m2e.maven.runtime_3.9.700.20240602-2313\jars\maven-resolver-provider-3.9.7.jar
2025-10-28 14:50:13,615 [Worker-36: Launching mavenrun-77c2fdfd-7199-416d-a419-f4b4ade4e03f] INFO  o.eclipse.m2e.core.internal.Bundles - 	Entry: C:\Users\Admin\.p2\pool\plugins\org.eclipse.m2e.maven.runtime_3.9.700.20240602-2313\jars\maven-resolver-spi-1.9.20.jar
2025-10-28 14:50:13,615 [Worker-36: Launching mavenrun-77c2fdfd-7199-416d-a419-f4b4ade4e03f] INFO  o.eclipse.m2e.core.internal.Bundles - 	Entry: C:\Users\Admin\.p2\pool\plugins\org.eclipse.m2e.maven.runtime_3.9.700.20240602-2313\jars\maven-resolver-transport-file-1.9.20.jar
2025-10-28 14:50:13,615 [Worker-36: Launching mavenrun-77c2fdfd-7199-416d-a419-f4b4ade4e03f] INFO  o.eclipse.m2e.core.internal.Bundles - 	Entry: C:\Users\Admin\.p2\pool\plugins\org.eclipse.m2e.maven.runtime_3.9.700.20240602-2313\jars\maven-resolver-transport-http-1.9.20.jar
2025-10-28 14:50:13,615 [Worker-36: Launching mavenrun-77c2fdfd-7199-416d-a419-f4b4ade4e03f] INFO  o.eclipse.m2e.core.internal.Bundles - 	Entry: C:\Users\Admin\.p2\pool\plugins\org.eclipse.m2e.maven.runtime_3.9.700.20240602-2313\jars\maven-resolver-transport-wagon-1.9.20.jar
2025-10-28 14:50:13,615 [Worker-36: Launching mavenrun-77c2fdfd-7199-416d-a419-f4b4ade4e03f] INFO  o.eclipse.m2e.core.internal.Bundles - 	Entry: C:\Users\Admin\.p2\pool\plugins\org.eclipse.m2e.maven.runtime_3.9.700.20240602-2313\jars\maven-resolver-util-1.9.20.jar
2025-10-28 14:50:13,616 [Worker-36: Launching mavenrun-77c2fdfd-7199-416d-a419-f4b4ade4e03f] INFO  o.eclipse.m2e.core.internal.Bundles - 	Entry: C:\Users\Admin\.p2\pool\plugins\org.eclipse.m2e.maven.runtime_3.9.700.20240602-2313\jars\maven-settings-3.9.7.jar
2025-10-28 14:50:13,616 [Worker-36: Launching mavenrun-77c2fdfd-7199-416d-a419-f4b4ade4e03f] INFO  o.eclipse.m2e.core.internal.Bundles - 	Entry: C:\Users\Admin\.p2\pool\plugins\org.eclipse.m2e.maven.runtime_3.9.700.20240602-2313\jars\maven-settings-builder-3.9.7.jar
2025-10-28 14:50:13,616 [Worker-36: Launching mavenrun-77c2fdfd-7199-416d-a419-f4b4ade4e03f] INFO  o.eclipse.m2e.core.internal.Bundles - 	Entry: C:\Users\Admin\.p2\pool\plugins\org.eclipse.m2e.maven.runtime_3.9.700.20240602-2313\jars\maven-shared-utils-3.4.2.jar
2025-10-28 14:50:13,616 [Worker-36: Launching mavenrun-77c2fdfd-7199-416d-a419-f4b4ade4e03f] INFO  o.eclipse.m2e.core.internal.Bundles - 	Entry: C:\Users\Admin\.p2\pool\plugins\org.eclipse.m2e.maven.runtime_3.9.700.20240602-2313\jars\org.eclipse.sisu.inject-0.9.0.M2.jar
2025-10-28 14:50:13,616 [Worker-36: Launching mavenrun-77c2fdfd-7199-416d-a419-f4b4ade4e03f] INFO  o.eclipse.m2e.core.internal.Bundles - 	Entry: C:\Users\Admin\.p2\pool\plugins\org.eclipse.m2e.maven.runtime_3.9.700.20240602-2313\jars\org.eclipse.sisu.plexus-0.9.0.M2.jar
2025-10-28 14:50:13,616 [Worker-36: Launching mavenrun-77c2fdfd-7199-416d-a419-f4b4ade4e03f] INFO  o.eclipse.m2e.core.internal.Bundles - 	Entry: C:\Users\Admin\.p2\pool\plugins\org.eclipse.m2e.maven.runtime_3.9.700.20240602-2313\jars\plexus-build-api-0.0.7.jar
2025-10-28 14:50:13,616 [Worker-36: Launching mavenrun-77c2fdfd-7199-416d-a419-f4b4ade4e03f] INFO  o.eclipse.m2e.core.internal.Bundles - 	Entry: C:\Users\Admin\.p2\pool\plugins\org.eclipse.m2e.maven.runtime_3.9.700.20240602-2313\jars\plexus-build-api-1.2.0.jar
2025-10-28 14:50:13,616 [Worker-36: Launching mavenrun-77c2fdfd-7199-416d-a419-f4b4ade4e03f] INFO  o.eclipse.m2e.core.internal.Bundles - 	Entry: C:\Users\Admin\.p2\pool\plugins\org.eclipse.m2e.maven.runtime_3.9.700.20240602-2313\jars\plexus-cipher-2.0.jar
2025-10-28 14:50:13,616 [Worker-36: Launching mavenrun-77c2fdfd-7199-416d-a419-f4b4ade4e03f] INFO  o.eclipse.m2e.core.internal.Bundles - 	Entry: C:\Users\Admin\.p2\pool\plugins\org.eclipse.m2e.maven.runtime_3.9.700.20240602-2313\jars\plexus-classworlds-2.8.0.jar
2025-10-28 14:50:13,616 [Worker-36: Launching mavenrun-77c2fdfd-7199-416d-a419-f4b4ade4e03f] INFO  o.eclipse.m2e.core.internal.Bundles - 	Entry: C:\Users\Admin\.p2\pool\plugins\org.eclipse.m2e.maven.runtime_3.9.700.20240602-2313\jars\plexus-component-annotations-2.1.0.jar
2025-10-28 14:50:13,617 [Worker-36: Launching mavenrun-77c2fdfd-7199-416d-a419-f4b4ade4e03f] INFO  o.eclipse.m2e.core.internal.Bundles - 	Entry: C:\Users\Admin\.p2\pool\plugins\org.eclipse.m2e.maven.runtime_3.9.700.20240602-2313\jars\plexus-interpolation-1.27.jar
2025-10-28 14:50:13,617 [Worker-36: Launching mavenrun-77c2fdfd-7199-416d-a419-f4b4ade4e03f] INFO  o.eclipse.m2e.core.internal.Bundles - 	Entry: C:\Users\Admin\.p2\pool\plugins\org.eclipse.m2e.maven.runtime_3.9.700.20240602-2313\jars\plexus-sec-dispatcher-2.0.jar
2025-10-28 14:50:13,617 [Worker-36: Launching mavenrun-77c2fdfd-7199-416d-a419-f4b4ade4e03f] INFO  o.eclipse.m2e.core.internal.Bundles - 	Entry: C:\Users\Admin\.p2\pool\plugins\org.eclipse.m2e.maven.runtime_3.9.700.20240602-2313\jars\plexus-utils-3.5.1.jar
2025-10-28 14:50:13,617 [Worker-36: Launching mavenrun-77c2fdfd-7199-416d-a419-f4b4ade4e03f] INFO  o.eclipse.m2e.core.internal.Bundles - 	Entry: C:\Users\Admin\.p2\pool\plugins\org.eclipse.m2e.maven.runtime_3.9.700.20240602-2313\jars\wagon-file-3.5.3.jar
2025-10-28 14:50:13,617 [Worker-36: Launching mavenrun-77c2fdfd-7199-416d-a419-f4b4ade4e03f] INFO  o.eclipse.m2e.core.internal.Bundles - 	Entry: C:\Users\Admin\.p2\pool\plugins\org.eclipse.m2e.maven.runtime_3.9.700.20240602-2313\jars\wagon-http-3.5.3.jar
2025-10-28 14:50:13,617 [Worker-36: Launching mavenrun-77c2fdfd-7199-416d-a419-f4b4ade4e03f] INFO  o.eclipse.m2e.core.internal.Bundles - 	Entry: C:\Users\Admin\.p2\pool\plugins\org.eclipse.m2e.maven.runtime_3.9.700.20240602-2313\jars\wagon-http-shared-3.5.3.jar
2025-10-28 14:50:13,617 [Worker-36: Launching mavenrun-77c2fdfd-7199-416d-a419-f4b4ade4e03f] INFO  o.eclipse.m2e.core.internal.Bundles - 	Entry: C:\Users\Admin\.p2\pool\plugins\org.eclipse.m2e.maven.runtime_3.9.700.20240602-2313\jars\wagon-provider-api-3.5.3.jar
2025-10-28 14:50:13,619 [Worker-36: Launching mavenrun-77c2fdfd-7199-416d-a419-f4b4ade4e03f] INFO  o.eclipse.m2e.core.internal.Bundles - getClasspathEntries(Bundle=com.google.guava_33.4.8.jre [1147])
2025-10-28 14:50:13,619 [Worker-36: Launching mavenrun-77c2fdfd-7199-416d-a419-f4b4ade4e03f] INFO  o.eclipse.m2e.core.internal.Bundles - 	Entry: C:\Users\Admin\.p2\pool\plugins\com.google.guava_33.4.8.jre.jar
2025-10-28 14:50:13,619 [Worker-36: Launching mavenrun-77c2fdfd-7199-416d-a419-f4b4ade4e03f] INFO  o.eclipse.m2e.core.internal.Bundles - getClasspathEntries(Bundle=slf4j.api_2.0.17 [1007])
2025-10-28 14:50:13,619 [Worker-36: Launching mavenrun-77c2fdfd-7199-416d-a419-f4b4ade4e03f] INFO  o.eclipse.m2e.core.internal.Bundles - 	Entry: C:\Users\Admin\.p2\pool\plugins\slf4j.api_2.0.17.jar
2025-10-28 14:50:13,619 [Worker-36: Launching mavenrun-77c2fdfd-7199-416d-a419-f4b4ade4e03f] INFO  o.eclipse.m2e.core.internal.Bundles - getClasspathEntries(Bundle=javax.inject_1.0.0.v20091030 [1223])
2025-10-28 14:50:13,620 [Worker-36: Launching mavenrun-77c2fdfd-7199-416d-a419-f4b4ade4e03f] INFO  o.eclipse.m2e.core.internal.Bundles - 	Entry: C:\Users\Admin\.p2\pool\plugins\javax.inject_1.0.0.v20091030.jar
2025-10-28 14:50:13,620 [Worker-36: Launching mavenrun-77c2fdfd-7199-416d-a419-f4b4ade4e03f] INFO  o.eclipse.m2e.core.internal.Bundles - getClasspathEntries(Bundle=javax.annotation_1.3.5.v20200909-1856 [44])
2025-10-28 14:50:13,620 [Worker-36: Launching mavenrun-77c2fdfd-7199-416d-a419-f4b4ade4e03f] INFO  o.eclipse.m2e.core.internal.Bundles - 	Entry: C:\Users\Admin\.p2\pool\plugins\javax.annotation_1.3.5.v20200909-1856.jar
2025-10-28 14:50:13,620 [Worker-36: Launching mavenrun-77c2fdfd-7199-416d-a419-f4b4ade4e03f] INFO  o.eclipse.m2e.core.internal.Bundles - getClasspathEntries(Bundle=org.apache.commons.cli_1.9.0 [1161])
2025-10-28 14:50:13,620 [Worker-36: Launching mavenrun-77c2fdfd-7199-416d-a419-f4b4ade4e03f] INFO  o.eclipse.m2e.core.internal.Bundles - 	Entry: C:\Users\Admin\.p2\pool\plugins\org.apache.commons.cli_1.9.0.jar
2025-10-28 14:50:13,620 [Worker-36: Launching mavenrun-77c2fdfd-7199-416d-a419-f4b4ade4e03f] INFO  o.eclipse.m2e.core.internal.Bundles - getClasspathEntries(Bundle=org.apache.commons.commons-codec_1.16.0 [81])
2025-10-28 14:50:13,621 [Worker-36: Launching mavenrun-77c2fdfd-7199-416d-a419-f4b4ade4e03f] INFO  o.eclipse.m2e.core.internal.Bundles - 	Entry: C:\Users\Admin\.p2\pool\plugins\org.apache.commons.commons-codec_1.16.0.jar
2025-10-28 14:50:13,621 [Worker-36: Launching mavenrun-77c2fdfd-7199-416d-a419-f4b4ade4e03f] INFO  o.eclipse.m2e.core.internal.Bundles - getClasspathEntries(Bundle=org.apache.commons.lang3_3.17.0 [1064])
2025-10-28 14:50:13,621 [Worker-36: Launching mavenrun-77c2fdfd-7199-416d-a419-f4b4ade4e03f] INFO  o.eclipse.m2e.core.internal.Bundles - 	Entry: C:\Users\Admin\.p2\pool\plugins\org.apache.commons.lang3_3.17.0.jar
2025-10-28 14:50:13,621 [Worker-36: Launching mavenrun-77c2fdfd-7199-416d-a419-f4b4ade4e03f] INFO  o.eclipse.m2e.core.internal.Bundles - getClasspathEntries(Bundle=com.google.guava.failureaccess_1.0.3 [1148])
2025-10-28 14:50:13,621 [Worker-36: Launching mavenrun-77c2fdfd-7199-416d-a419-f4b4ade4e03f] INFO  o.eclipse.m2e.core.internal.Bundles - 	Entry: C:\Users\Admin\.p2\pool\plugins\com.google.guava.failureaccess_1.0.3.jar
2025-10-28 14:50:13,624 [Worker-36: Launching mavenrun-77c2fdfd-7199-416d-a419-f4b4ade4e03f] INFO  o.e.m.i.launch.MavenLaunchDelegate - Run build in "C:\Users\Admin\AppData\Local\Temp\m2e-archetypeGenerator10192242702311199153":
2025-10-28 14:50:13,628 [Worker-36: Launching mavenrun-77c2fdfd-7199-416d-a419-f4b4ade4e03f] INFO  o.e.m.i.launch.MavenLaunchDelegate -  mvn  -DarchetypeGroupId=org.apache.maven.archetypes -DarchetypeArtifactId=maven-archetype-quickstart -DarchetypeVersion=1.1 -DgroupId=com.hibernate -DartifactId=HibernateCore -Dversion=0.0.1-SNAPSHOT -Dpackage=com.hibernate -DoutputDirectory="C:\Users\Admin\JAVA TTS 11-00" -Dstyle.color=always -U archetype:generate
2025-10-28 14:50:40,395 [Worker-33: Creating maven-archetype-quickstart] INFO  o.e.m.c.i.p.ProjectConfigurationManager - Collecting project info '/pom.xml' C:\Users\Admin\JAVA TTS 11-00\HibernateCore\pom.xml
2025-10-28 14:50:41,031 [Worker-33: Creating maven-archetype-quickstart] INFO  o.e.m.c.i.l.LifecycleMappingFactory - Using org.eclipse.m2e.jdt.JarLifecycleMapping lifecycle mapping for MavenProject: com.hibernate:HibernateCore:0.0.1-SNAPSHOT @ C:\Users\Admin\JAVA TTS 11-00\HibernateCore\pom.xml.
2025-10-28 14:50:41,631 [Worker-33: Creating maven-archetype-quickstart] INFO  o.e.m.j.i.AbstractJavaProjectConfigurator - Adding source folder /HibernateCore/src/main/java
2025-10-28 14:50:41,633 [Worker-33: Creating maven-archetype-quickstart] INFO  o.e.m.j.i.AbstractJavaProjectConfigurator - Adding resource folder /HibernateCore/src/main/resources
2025-10-28 14:50:41,636 [Worker-33: Creating maven-archetype-quickstart] INFO  o.e.m.j.i.AbstractJavaProjectConfigurator - Adding source folder /HibernateCore/src/test/java
2025-10-28 14:50:41,637 [Worker-33: Creating maven-archetype-quickstart] INFO  o.e.m.j.i.AbstractJavaProjectConfigurator - Adding resource folder /HibernateCore/src/test/resources
2025-10-28 14:50:41,721 [Worker-33: Creating maven-archetype-quickstart] INFO  o.e.m.c.i.p.ProjectConfigurationManager - Imported and configured 1 project(s) in 1 sec
2025-10-28 14:50:42,109 [Worker-54: Building] INFO  o.a.m.s.f.DefaultMavenResourcesFiltering - skip non existing resourceDirectory C:\Users\Admin\JAVA TTS 11-00\HibernateCore\src\main\resources
2025-10-28 14:50:42,112 [Worker-54: Building] INFO  o.a.m.s.f.DefaultMavenResourcesFiltering - skip non existing resourceDirectory C:\Users\Admin\JAVA TTS 11-00\HibernateCore\src\test\resources
2025-10-28 14:55:44,536 [Worker-57: Building] INFO  o.e.m.c.i.l.LifecycleMappingFactory - Using org.eclipse.m2e.jdt.JarLifecycleMapping lifecycle mapping for MavenProject: com.hibernate:HibernateCore:0.0.1-SNAPSHOT @ C:\Users\Admin\JAVA TTS 11-00\HibernateCore\pom.xml.
2025-10-28 14:55:45,034 [Worker-57: Building] INFO  o.a.m.s.f.DefaultMavenResourcesFiltering - skip non existing resourceDirectory C:\Users\Admin\JAVA TTS 11-00\HibernateCore\src\main\resources
2025-10-28 14:55:45,037 [Worker-57: Building] INFO  o.a.m.s.f.DefaultMavenResourcesFiltering - skip non existing resourceDirectory C:\Users\Admin\JAVA TTS 11-00\HibernateCore\src\test\resources
2025-10-28 14:55:46,669 [Worker-60: Building] INFO  o.a.m.s.f.DefaultMavenResourcesFiltering - skip non existing resourceDirectory C:\Users\Admin\JAVA TTS 11-00\HibernateCore\src\main\resources
2025-10-28 14:55:46,672 [Worker-60: Building] INFO  o.a.m.s.f.DefaultMavenResourcesFiltering - skip non existing resourceDirectory C:\Users\Admin\JAVA TTS 11-00\HibernateCore\src\test\resources
2025-10-28 14:55:52,302 [Worker-59: Building] INFO  o.e.m.c.i.l.LifecycleMappingFactory - Using org.eclipse.m2e.jdt.JarLifecycleMapping lifecycle mapping for MavenProject: com.hibernate:HibernateCore:0.0.1-SNAPSHOT @ C:\Users\Admin\JAVA TTS 11-00\HibernateCore\pom.xml.
2025-10-28 14:55:52,511 [Worker-59: Building] INFO  o.a.m.s.f.DefaultMavenResourcesFiltering - skip non existing resourceDirectory C:\Users\Admin\JAVA TTS 11-00\HibernateCore\src\main\resources
2025-10-28 14:55:52,515 [Worker-59: Building] INFO  o.a.m.s.f.DefaultMavenResourcesFiltering - skip non existing resourceDirectory C:\Users\Admin\JAVA TTS 11-00\HibernateCore\src\test\resources
2025-10-28 14:56:14,032 [Worker-58: Building] INFO  o.e.m.c.i.l.LifecycleMappingFactory - Using org.eclipse.m2e.jdt.JarLifecycleMapping lifecycle mapping for MavenProject: com.hibernate:HibernateCore:0.0.1-SNAPSHOT @ C:\Users\Admin\JAVA TTS 11-00\HibernateCore\pom.xml.
2025-10-28 14:56:14,150 [Worker-58: Building] WARN  o.e.m.c.i.embedder.EclipseLogger - The artifact mysql:mysql-connector-java:jar:8.0.33 has been relocated to com.mysql:mysql-connector-j:jar:8.0.33: MySQL Connector/J artifacts moved to reverse-DNS compliant Maven 2+ coordinates.
2025-10-28 14:56:14,287 [Worker-58: Building] INFO  o.a.m.s.f.DefaultMavenResourcesFiltering - skip non existing resourceDirectory C:\Users\Admin\JAVA TTS 11-00\HibernateCore\src\main\resources
2025-10-28 14:56:14,290 [Worker-58: Building] INFO  o.a.m.s.f.DefaultMavenResourcesFiltering - skip non existing resourceDirectory C:\Users\Admin\JAVA TTS 11-00\HibernateCore\src\test\resources
2025-10-28 14:56:14,977 [Worker-54: Building] INFO  o.a.m.s.f.DefaultMavenResourcesFiltering - skip non existing resourceDirectory C:\Users\Admin\JAVA TTS 11-00\HibernateCore\src\main\resources
2025-10-28 14:56:14,980 [Worker-54: Building] INFO  o.a.m.s.f.DefaultMavenResourcesFiltering - skip non existing resourceDirectory C:\Users\Admin\JAVA TTS 11-00\HibernateCore\src\test\resources
2025-10-28 14:56:39,066 [Worker-59: Updating Maven Project] INFO  o.e.m.c.i.p.ProjectConfigurationManager - Update started
2025-10-28 14:56:39,239 [Worker-59: Updating Maven Project] INFO  o.e.m.c.i.l.LifecycleMappingFactory - Using org.eclipse.m2e.jdt.JarLifecycleMapping lifecycle mapping for MavenProject: com.hibernate:HibernateCore:0.0.1-SNAPSHOT @ C:\Users\Admin\JAVA TTS 11-00\HibernateCore\pom.xml.
2025-10-28 14:56:39,340 [Worker-59: Updating Maven Project] WARN  o.e.m.c.i.embedder.EclipseLogger - The artifact mysql:mysql-connector-java:jar:8.0.33 has been relocated to com.mysql:mysql-connector-j:jar:8.0.33: MySQL Connector/J artifacts moved to reverse-DNS compliant Maven 2+ coordinates.
2025-10-28 14:56:39,466 [Worker-59: Updating Maven Project] INFO  o.e.m.j.i.AbstractJavaProjectConfigurator - Adding source folder /HibernateCore/src/main/java
2025-10-28 14:56:39,467 [Worker-59: Updating Maven Project] INFO  o.e.m.j.i.AbstractJavaProjectConfigurator - Adding resource folder /HibernateCore/src/main/resources
2025-10-28 14:56:39,467 [Worker-59: Updating Maven Project] INFO  o.e.m.j.i.AbstractJavaProjectConfigurator - Adding source folder /HibernateCore/src/test/java
2025-10-28 14:56:39,468 [Worker-59: Updating Maven Project] INFO  o.e.m.j.i.AbstractJavaProjectConfigurator - Adding resource folder /HibernateCore/src/test/resources
2025-10-28 14:56:39,568 [Worker-59: Updating Maven Project] INFO  o.e.m.c.i.p.ProjectConfigurationManager - Update completed for 1 poms: local refresh takes 0.00 sec, refresh facades takes 0.00 sec, update config takes 0.00 sec 
2025-10-28 14:56:39,790 [Worker-60: Building] INFO  o.a.m.s.f.DefaultMavenResourcesFiltering - skip non existing resourceDirectory C:\Users\Admin\JAVA TTS 11-00\HibernateCore\src\main\resources
2025-10-28 14:56:39,793 [Worker-60: Building] INFO  o.a.m.s.f.DefaultMavenResourcesFiltering - skip non existing resourceDirectory C:\Users\Admin\JAVA TTS 11-00\HibernateCore\src\test\resources
2025-10-28 15:09:24,030 [Worker-68: Building] INFO  o.a.m.s.f.DefaultMavenResourcesFiltering - skip non existing resourceDirectory C:\Users\Admin\JAVA TTS 11-00\HibernateCore\src\main\resources
2025-10-28 15:09:24,032 [Worker-68: Building] INFO  o.a.m.s.f.DefaultMavenResourcesFiltering - skip non existing resourceDirectory C:\Users\Admin\JAVA TTS 11-00\HibernateCore\src\test\resources
2025-10-28 15:10:06,055 [Worker-65: Building] INFO  o.a.m.s.f.DefaultMavenResourcesFiltering - skip non existing resourceDirectory C:\Users\Admin\JAVA TTS 11-00\HibernateCore\src\main\resources
2025-10-28 15:10:06,057 [Worker-65: Building] INFO  o.a.m.s.f.DefaultMavenResourcesFiltering - skip non existing resourceDirectory C:\Users\Admin\JAVA TTS 11-00\HibernateCore\src\test\resources
2025-10-28 15:10:24,674 [Worker-65: Building] INFO  o.a.m.s.f.DefaultMavenResourcesFiltering - skip non existing resourceDirectory C:\Users\Admin\JAVA TTS 11-00\HibernateCore\src\main\resources
2025-10-28 15:10:24,676 [Worker-65: Building] INFO  o.a.m.s.f.DefaultMavenResourcesFiltering - skip non existing resourceDirectory C:\Users\Admin\JAVA TTS 11-00\HibernateCore\src\test\resources
2025-10-28 15:10:40,886 [Worker-66: Building] INFO  o.a.m.s.f.DefaultMavenResourcesFiltering - skip non existing resourceDirectory C:\Users\Admin\JAVA TTS 11-00\HibernateCore\src\main\resources
2025-10-28 15:10:40,888 [Worker-66: Building] INFO  o.a.m.s.f.DefaultMavenResourcesFiltering - skip non existing resourceDirectory C:\Users\Admin\JAVA TTS 11-00\HibernateCore\src\test\resources
2025-10-28 15:12:26,605 [Worker-57: Building] INFO  o.a.m.s.f.DefaultMavenResourcesFiltering - skip non existing resourceDirectory C:\Users\Admin\JAVA TTS 11-00\HibernateCore\src\main\resources
2025-10-28 15:12:26,608 [Worker-57: Building] INFO  o.a.m.s.f.DefaultMavenResourcesFiltering - skip non existing resourceDirectory C:\Users\Admin\JAVA TTS 11-00\HibernateCore\src\test\resources
2025-10-28 15:13:14,529 [main] INFO  org.hibernate.cfg.Environment - Hibernate 3.5.6-Final
2025-10-28 15:13:14,538 [main] INFO  org.hibernate.cfg.Environment - hibernate.properties not found
2025-10-28 15:13:14,544 [main] INFO  org.hibernate.cfg.Environment - Bytecode provider name : javassist
2025-10-28 15:13:14,557 [main] INFO  org.hibernate.cfg.Environment - using JDK 1.4 java.sql.Timestamp handling
2025-10-28 15:15:02,282 [Worker-57: Building] INFO  o.a.m.s.f.DefaultMavenResourcesFiltering - skip non existing resourceDirectory C:\Users\Admin\JAVA TTS 11-00\HibernateCore\src\main\resources
2025-10-28 15:15:02,284 [Worker-57: Building] INFO  o.a.m.s.f.DefaultMavenResourcesFiltering - skip non existing resourceDirectory C:\Users\Admin\JAVA TTS 11-00\HibernateCore\src\test\resources
2025-10-28 15:15:26,146 [Worker-67: Building] INFO  o.a.m.s.f.DefaultMavenResourcesFiltering - skip non existing resourceDirectory C:\Users\Admin\JAVA TTS 11-00\HibernateCore\src\main\resources
2025-10-28 15:15:26,149 [Worker-67: Building] INFO  o.a.m.s.f.DefaultMavenResourcesFiltering - skip non existing resourceDirectory C:\Users\Admin\JAVA TTS 11-00\HibernateCore\src\test\resources
2025-10-28 15:17:17,146 [Worker-74: Building] INFO  o.a.m.s.f.DefaultMavenResourcesFiltering - skip non existing resourceDirectory C:\Users\Admin\JAVA TTS 11-00\HibernateCore\src\main\resources
2025-10-28 15:17:17,148 [Worker-74: Building] INFO  o.a.m.s.f.DefaultMavenResourcesFiltering - skip non existing resourceDirectory C:\Users\Admin\JAVA TTS 11-00\HibernateCore\src\test\resources
2025-10-28 15:17:45,482 [Worker-73: Building] INFO  o.a.m.s.f.DefaultMavenResourcesFiltering - skip non existing resourceDirectory C:\Users\Admin\JAVA TTS 11-00\HibernateCore\src\main\resources
2025-10-28 15:17:45,484 [Worker-73: Building] INFO  o.a.m.s.f.DefaultMavenResourcesFiltering - skip non existing resourceDirectory C:\Users\Admin\JAVA TTS 11-00\HibernateCore\src\test\resources
2025-10-28 15:17:54,198 [Worker-75: Building] INFO  o.a.m.s.f.DefaultMavenResourcesFiltering - skip non existing resourceDirectory C:\Users\Admin\JAVA TTS 11-00\HibernateCore\src\main\resources
2025-10-28 15:17:54,201 [Worker-75: Building] INFO  o.a.m.s.f.DefaultMavenResourcesFiltering - skip non existing resourceDirectory C:\Users\Admin\JAVA TTS 11-00\HibernateCore\src\test\resources
2025-10-28 15:17:58,090 [Worker-67: Building] INFO  o.a.m.s.f.DefaultMavenResourcesFiltering - skip non existing resourceDirectory C:\Users\Admin\JAVA TTS 11-00\HibernateCore\src\main\resources
2025-10-28 15:17:58,091 [Worker-67: Building] INFO  o.a.m.s.f.DefaultMavenResourcesFiltering - skip non existing resourceDirectory C:\Users\Admin\JAVA TTS 11-00\HibernateCore\src\test\resources
2025-10-28 15:18:08,985 [Worker-76: Building] INFO  o.a.m.s.f.DefaultMavenResourcesFiltering - skip non existing resourceDirectory C:\Users\Admin\JAVA TTS 11-00\HibernateCore\src\main\resources
2025-10-28 15:18:08,987 [Worker-76: Building] INFO  o.a.m.s.f.DefaultMavenResourcesFiltering - skip non existing resourceDirectory C:\Users\Admin\JAVA TTS 11-00\HibernateCore\src\test\resources
2025-10-28 15:18:18,732 [Worker-76: Building] INFO  o.a.m.s.f.DefaultMavenResourcesFiltering - skip non existing resourceDirectory C:\Users\Admin\JAVA TTS 11-00\HibernateCore\src\main\resources
2025-10-28 15:18:18,734 [Worker-76: Building] INFO  o.a.m.s.f.DefaultMavenResourcesFiltering - skip non existing resourceDirectory C:\Users\Admin\JAVA TTS 11-00\HibernateCore\src\test\resources
2025-10-28 15:20:03,300 [Worker-73: Building] INFO  o.a.m.s.f.DefaultMavenResourcesFiltering - skip non existing resourceDirectory C:\Users\Admin\JAVA TTS 11-00\HibernateCore\src\main\resources
2025-10-28 15:20:03,302 [Worker-73: Building] INFO  o.a.m.s.f.DefaultMavenResourcesFiltering - skip non existing resourceDirectory C:\Users\Admin\JAVA TTS 11-00\HibernateCore\src\test\resources
2025-10-28 15:21:30,990 [Worker-73: Building] INFO  o.a.m.s.f.DefaultMavenResourcesFiltering - skip non existing resourceDirectory C:\Users\Admin\JAVA TTS 11-00\HibernateCore\src\main\resources
2025-10-28 15:21:30,992 [Worker-73: Building] INFO  o.a.m.s.f.DefaultMavenResourcesFiltering - skip non existing resourceDirectory C:\Users\Admin\JAVA TTS 11-00\HibernateCore\src\test\resources
2025-10-28 15:22:07,348 [Worker-74: Building] INFO  o.a.m.s.f.DefaultMavenResourcesFiltering - skip non existing resourceDirectory C:\Users\Admin\JAVA TTS 11-00\HibernateCore\src\main\resources
2025-10-28 15:22:07,350 [Worker-74: Building] INFO  o.a.m.s.f.DefaultMavenResourcesFiltering - skip non existing resourceDirectory C:\Users\Admin\JAVA TTS 11-00\HibernateCore\src\test\resources
2025-10-28 15:22:08,375 [Worker-73: Building] INFO  o.a.m.s.f.DefaultMavenResourcesFiltering - skip non existing resourceDirectory C:\Users\Admin\JAVA TTS 11-00\HibernateCore\src\main\resources
2025-10-28 15:22:08,376 [Worker-73: Building] INFO  o.a.m.s.f.DefaultMavenResourcesFiltering - skip non existing resourceDirectory C:\Users\Admin\JAVA TTS 11-00\HibernateCore\src\test\resources
2025-10-28 15:22:09,721 [Worker-70: Building] INFO  o.a.m.s.f.DefaultMavenResourcesFiltering - skip non existing resourceDirectory C:\Users\Admin\JAVA TTS 11-00\HibernateCore\src\main\resources
2025-10-28 15:22:09,723 [Worker-70: Building] INFO  o.a.m.s.f.DefaultMavenResourcesFiltering - skip non existing resourceDirectory C:\Users\Admin\JAVA TTS 11-00\HibernateCore\src\test\resources
2025-10-28 15:22:21,564 [Worker-74: Building] INFO  o.a.m.s.f.DefaultMavenResourcesFiltering - skip non existing resourceDirectory C:\Users\Admin\JAVA TTS 11-00\HibernateCore\src\main\resources
2025-10-28 15:22:21,565 [Worker-74: Building] INFO  o.a.m.s.f.DefaultMavenResourcesFiltering - skip non existing resourceDirectory C:\Users\Admin\JAVA TTS 11-00\HibernateCore\src\test\resources
2025-10-28 15:23:44,605 [Worker-75: Building] INFO  o.a.m.s.f.DefaultMavenResourcesFiltering - skip non existing resourceDirectory C:\Users\Admin\JAVA TTS 11-00\HibernateCore\src\main\resources
2025-10-28 15:23:44,607 [Worker-75: Building] INFO  o.a.m.s.f.DefaultMavenResourcesFiltering - skip non existing resourceDirectory C:\Users\Admin\JAVA TTS 11-00\HibernateCore\src\test\resources
2025-10-28 15:23:53,061 [Worker-76: Building] INFO  o.a.m.s.f.DefaultMavenResourcesFiltering - skip non existing resourceDirectory C:\Users\Admin\JAVA TTS 11-00\HibernateCore\src\main\resources
2025-10-28 15:23:53,062 [Worker-76: Building] INFO  o.a.m.s.f.DefaultMavenResourcesFiltering - skip non existing resourceDirectory C:\Users\Admin\JAVA TTS 11-00\HibernateCore\src\test\resources
2025-10-28 15:23:55,896 [Worker-67: Building] INFO  o.a.m.s.f.DefaultMavenResourcesFiltering - skip non existing resourceDirectory C:\Users\Admin\JAVA TTS 11-00\HibernateCore\src\main\resources
2025-10-28 15:23:55,898 [Worker-67: Building] INFO  o.a.m.s.f.DefaultMavenResourcesFiltering - skip non existing resourceDirectory C:\Users\Admin\JAVA TTS 11-00\HibernateCore\src\test\resources
2025-10-28 15:24:24,601 [Worker-75: Building] INFO  o.a.m.s.f.DefaultMavenResourcesFiltering - skip non existing resourceDirectory C:\Users\Admin\JAVA TTS 11-00\HibernateCore\src\main\resources
2025-10-28 15:24:24,602 [Worker-75: Building] INFO  o.a.m.s.f.DefaultMavenResourcesFiltering - skip non existing resourceDirectory C:\Users\Admin\JAVA TTS 11-00\HibernateCore\src\test\resources
2025-10-28 15:24:25,678 [Worker-57: Building] INFO  o.a.m.s.f.DefaultMavenResourcesFiltering - skip non existing resourceDirectory C:\Users\Admin\JAVA TTS 11-00\HibernateCore\src\main\resources
2025-10-28 15:24:25,680 [Worker-57: Building] INFO  o.a.m.s.f.DefaultMavenResourcesFiltering - skip non existing resourceDirectory C:\Users\Admin\JAVA TTS 11-00\HibernateCore\src\test\resources
2025-10-28 15:25:15,793 [Worker-73: Building] INFO  o.a.m.s.f.DefaultMavenResourcesFiltering - skip non existing resourceDirectory C:\Users\Admin\JAVA TTS 11-00\HibernateCore\src\main\resources
2025-10-28 15:25:15,794 [Worker-73: Building] INFO  o.a.m.s.f.DefaultMavenResourcesFiltering - skip non existing resourceDirectory C:\Users\Admin\JAVA TTS 11-00\HibernateCore\src\test\resources
2025-10-28 15:25:27,273 [Worker-67: Building] INFO  o.a.m.s.f.DefaultMavenResourcesFiltering - skip non existing resourceDirectory C:\Users\Admin\JAVA TTS 11-00\HibernateCore\src\main\resources
2025-10-28 15:25:27,274 [Worker-67: Building] INFO  o.a.m.s.f.DefaultMavenResourcesFiltering - skip non existing resourceDirectory C:\Users\Admin\JAVA TTS 11-00\HibernateCore\src\test\resources
2025-10-28 15:25:35,180 [Worker-73: Building] INFO  o.a.m.s.f.DefaultMavenResourcesFiltering - skip non existing resourceDirectory C:\Users\Admin\JAVA TTS 11-00\HibernateCore\src\main\resources
2025-10-28 15:25:35,182 [Worker-73: Building] INFO  o.a.m.s.f.DefaultMavenResourcesFiltering - skip non existing resourceDirectory C:\Users\Admin\JAVA TTS 11-00\HibernateCore\src\test\resources
2025-10-28 15:25:36,928 [Worker-75: Building] INFO  o.a.m.s.f.DefaultMavenResourcesFiltering - skip non existing resourceDirectory C:\Users\Admin\JAVA TTS 11-00\HibernateCore\src\main\resources
2025-10-28 15:25:36,929 [Worker-75: Building] INFO  o.a.m.s.f.DefaultMavenResourcesFiltering - skip non existing resourceDirectory C:\Users\Admin\JAVA TTS 11-00\HibernateCore\src\test\resources
2025-10-28 15:26:27,572 [Worker-57: Building] INFO  o.a.m.s.f.DefaultMavenResourcesFiltering - skip non existing resourceDirectory C:\Users\Admin\JAVA TTS 11-00\HibernateCore\src\main\resources
2025-10-28 15:26:27,574 [Worker-57: Building] INFO  o.a.m.s.f.DefaultMavenResourcesFiltering - skip non existing resourceDirectory C:\Users\Admin\JAVA TTS 11-00\HibernateCore\src\test\resources
2025-10-28 15:27:12,334 [Worker-76: Building] INFO  o.a.m.s.f.DefaultMavenResourcesFiltering - skip non existing resourceDirectory C:\Users\Admin\JAVA TTS 11-00\HibernateCore\src\main\resources
2025-10-28 15:27:12,335 [Worker-76: Building] INFO  o.a.m.s.f.DefaultMavenResourcesFiltering - skip non existing resourceDirectory C:\Users\Admin\JAVA TTS 11-00\HibernateCore\src\test\resources
2025-10-28 15:28:05,381 [Worker-75: Building] INFO  o.a.m.s.f.DefaultMavenResourcesFiltering - skip non existing resourceDirectory C:\Users\Admin\JAVA TTS 11-00\HibernateCore\src\main\resources
2025-10-28 15:28:05,382 [Worker-75: Building] INFO  o.a.m.s.f.DefaultMavenResourcesFiltering - skip non existing resourceDirectory C:\Users\Admin\JAVA TTS 11-00\HibernateCore\src\test\resources
2025-10-28 15:29:16,156 [Worker-75: Building] INFO  o.a.m.s.f.DefaultMavenResourcesFiltering - skip non existing resourceDirectory C:\Users\Admin\JAVA TTS 11-00\HibernateCore\src\main\resources
2025-10-28 15:29:16,158 [Worker-75: Building] INFO  o.a.m.s.f.DefaultMavenResourcesFiltering - skip non existing resourceDirectory C:\Users\Admin\JAVA TTS 11-00\HibernateCore\src\test\resources
2025-10-28 15:30:43,517 [Worker-74: Building] INFO  o.a.m.s.f.DefaultMavenResourcesFiltering - skip non existing resourceDirectory C:\Users\Admin\JAVA TTS 11-00\HibernateCore\src\main\resources
2025-10-28 15:30:43,518 [Worker-74: Building] INFO  o.a.m.s.f.DefaultMavenResourcesFiltering - skip non existing resourceDirectory C:\Users\Admin\JAVA TTS 11-00\HibernateCore\src\test\resources
2025-10-28 15:30:45,163 [Worker-70: Building] INFO  o.a.m.s.f.DefaultMavenResourcesFiltering - skip non existing resourceDirectory C:\Users\Admin\JAVA TTS 11-00\HibernateCore\src\main\resources
2025-10-28 15:30:45,164 [Worker-70: Building] INFO  o.a.m.s.f.DefaultMavenResourcesFiltering - skip non existing resourceDirectory C:\Users\Admin\JAVA TTS 11-00\HibernateCore\src\test\resources
2025-10-28 15:31:00,100 [Worker-73: Building] INFO  o.a.m.s.f.DefaultMavenResourcesFiltering - skip non existing resourceDirectory C:\Users\Admin\JAVA TTS 11-00\HibernateCore\src\main\resources
2025-10-28 15:31:00,101 [Worker-73: Building] INFO  o.a.m.s.f.DefaultMavenResourcesFiltering - skip non existing resourceDirectory C:\Users\Admin\JAVA TTS 11-00\HibernateCore\src\test\resources
2025-10-28 15:31:01,281 [Worker-76: Building] INFO  o.a.m.s.f.DefaultMavenResourcesFiltering - skip non existing resourceDirectory C:\Users\Admin\JAVA TTS 11-00\HibernateCore\src\main\resources
2025-10-28 15:31:01,282 [Worker-76: Building] INFO  o.a.m.s.f.DefaultMavenResourcesFiltering - skip non existing resourceDirectory C:\Users\Admin\JAVA TTS 11-00\HibernateCore\src\test\resources
2025-10-28 15:31:13,707 [Worker-74: Building] INFO  o.a.m.s.f.DefaultMavenResourcesFiltering - skip non existing resourceDirectory C:\Users\Admin\JAVA TTS 11-00\HibernateCore\src\main\resources
2025-10-28 15:31:13,708 [Worker-74: Building] INFO  o.a.m.s.f.DefaultMavenResourcesFiltering - skip non existing resourceDirectory C:\Users\Admin\JAVA TTS 11-00\HibernateCore\src\test\resources
2025-10-28 15:31:14,732 [Worker-75: Building] INFO  o.a.m.s.f.DefaultMavenResourcesFiltering - skip non existing resourceDirectory C:\Users\Admin\JAVA TTS 11-00\HibernateCore\src\main\resources
2025-10-28 15:31:14,733 [Worker-75: Building] INFO  o.a.m.s.f.DefaultMavenResourcesFiltering - skip non existing resourceDirectory C:\Users\Admin\JAVA TTS 11-00\HibernateCore\src\test\resources
2025-10-28 15:31:58,219 [Worker-57: Building] INFO  o.a.m.s.f.DefaultMavenResourcesFiltering - skip non existing resourceDirectory C:\Users\Admin\JAVA TTS 11-00\HibernateCore\src\main\resources
2025-10-28 15:31:58,221 [Worker-57: Building] INFO  o.a.m.s.f.DefaultMavenResourcesFiltering - skip non existing resourceDirectory C:\Users\Admin\JAVA TTS 11-00\HibernateCore\src\test\resources
2025-10-28 15:32:23,209 [Worker-70: Building] INFO  o.a.m.s.f.DefaultMavenResourcesFiltering - skip non existing resourceDirectory C:\Users\Admin\JAVA TTS 11-00\HibernateCore\src\main\resources
2025-10-28 15:32:23,211 [Worker-70: Building] INFO  o.a.m.s.f.DefaultMavenResourcesFiltering - skip non existing resourceDirectory C:\Users\Admin\JAVA TTS 11-00\HibernateCore\src\test\resources
2025-10-28 15:34:08,827 [Worker-73: Building] INFO  o.a.m.s.f.DefaultMavenResourcesFiltering - skip non existing resourceDirectory C:\Users\Admin\JAVA TTS 11-00\HibernateCore\src\main\resources
2025-10-28 15:34:08,829 [Worker-73: Building] INFO  o.a.m.s.f.DefaultMavenResourcesFiltering - skip non existing resourceDirectory C:\Users\Admin\JAVA TTS 11-00\HibernateCore\src\test\resources
